Archive member included because of file (symbol)

c:/winavr/bin/../lib/gcc/avr/4.3.3/avr4\libgcc.a(_divmodsi4.o)
                              main.o (__divmodsi4)
c:/winavr/bin/../lib/gcc/avr/4.3.3/avr4\libgcc.a(_exit.o)
                              c:/winavr/bin/../lib/gcc/avr/4.3.3/../../../../avr/lib/avr4/crtm48.o (exit)
c:/winavr/bin/../lib/gcc/avr/4.3.3/avr4\libgcc.a(_clear_bss.o)
                              main.o (__do_clear_bss)
c:/winavr/bin/../lib/gcc/avr/4.3.3/avr4\libgcc.a(_udivmodsi4.o)
                              c:/winavr/bin/../lib/gcc/avr/4.3.3/avr4\libgcc.a(_divmodsi4.o) (__udivmodsi4)
c:/winavr/bin/../lib/gcc/avr/4.3.3/../../../../avr/lib/avr4\libc.a(ltoa.o)
                              lcd_4b.o (ltoa)
c:/winavr/bin/../lib/gcc/avr/4.3.3/../../../../avr/lib/avr4\libc.a(strrev.o)
                              c:/winavr/bin/../lib/gcc/avr/4.3.3/../../../../avr/lib/avr4\libc.a(ltoa.o) (strrev)

Allocating common symbols
Common symbol       size              file

t                   0x1               main.o
time_count          0x4               main.o
measurement_zero    0x1               main.o
rpm_x10             0x4               main.o
post_scaller        0x1               main.o
measurement_started
                    0x1               main.o
gl_set              0x74              main.o
measurement_done    0x1               main.o
t_postscale         0x2               main.o
t_capture           0x2               main.o
sensor_id           0x1               main.o

Memory Configuration

Name             Origin             Length             Attributes
text             0x00000000         0x00002000         xr
data             0x00800060         0x0000ffa0         rw !x
eeprom           0x00810000         0x00010000         rw !x
fuse             0x00820000         0x00000400         rw !x
lock             0x00830000         0x00000400         rw !x
signature        0x00840000         0x00000400         rw !x
*default*        0x00000000         0xffffffff

Linker script and memory map

Address of section .data set to 0x800100
LOAD c:/winavr/bin/../lib/gcc/avr/4.3.3/../../../../avr/lib/avr4/crtm48.o
LOAD main.o
LOAD ini.o
LOAD isr.o
LOAD lcd_4b.o
LOAD c:/winavr/bin/../lib/gcc/avr/4.3.3/avr4\libgcc.a
LOAD c:/winavr/bin/../lib/gcc/avr/4.3.3/../../../../avr/lib/avr4\libc.a
LOAD c:/winavr/bin/../lib/gcc/avr/4.3.3/avr4\libgcc.a

.hash
 *(.hash)

.dynsym
 *(.dynsym)

.dynstr
 *(.dynstr)

.gnu.version
 *(.gnu.version)

.gnu.version_d
 *(.gnu.version_d)

.gnu.version_r
 *(.gnu.version_r)

.rel.init
 *(.rel.init)

.rela.init
 *(.rela.init)

.rel.text
 *(.rel.text)
 *(.rel.text.*)
 *(.rel.gnu.linkonce.t*)

.rela.text
 *(.rela.text)
 *(.rela.text.*)
 *(.rela.gnu.linkonce.t*)

.rel.fini
 *(.rel.fini)

.rela.fini
 *(.rela.fini)

.rel.rodata
 *(.rel.rodata)
 *(.rel.rodata.*)
 *(.rel.gnu.linkonce.r*)

.rela.rodata
 *(.rela.rodata)
 *(.rela.rodata.*)
 *(.rela.gnu.linkonce.r*)

.rel.data
 *(.rel.data)
 *(.rel.data.*)
 *(.rel.gnu.linkonce.d*)

.rela.data
 *(.rela.data)
 *(.rela.data.*)
 *(.rela.gnu.linkonce.d*)

.rel.ctors
 *(.rel.ctors)

.rela.ctors
 *(.rela.ctors)

.rel.dtors
 *(.rel.dtors)

.rela.dtors
 *(.rela.dtors)

.rel.got
 *(.rel.got)

.rela.got
 *(.rela.got)

.rel.bss
 *(.rel.bss)

.rela.bss
 *(.rela.bss)

.rel.plt
 *(.rel.plt)

.rela.plt
 *(.rela.plt)

.text           0x00000000      0x97a
 *(.vectors)
 .vectors       0x00000000       0x34 c:/winavr/bin/../lib/gcc/avr/4.3.3/../../../../avr/lib/avr4/crtm48.o
                0x00000000                __vectors
                0x00000000                __vector_default
 *(.vectors)
 *(.progmem.gcc*)
 *(.progmem*)
 .progmem.data  0x00000034       0x24 main.o
                0x00000034                line1
                0x00000046                line2
 .progmem.data  0x00000058        0x8 lcd_4b.o
                0x00000058                lcd_ini
                0x00000060                . = ALIGN (0x2)
                0x00000060                __trampolines_start = .
 *(.trampolines)
 .trampolines   0x00000060        0x0 linker stubs
 *(.trampolines*)
                0x00000060                __trampolines_end = .
 *(.jumptables)
 *(.jumptables*)
 *(.lowtext)
 *(.lowtext*)
                0x00000060                __ctors_start = .
 *(.ctors)
                0x00000060                __ctors_end = .
                0x00000060                __dtors_start = .
 *(.dtors)
                0x00000060                __dtors_end = .
 SORT(*)(.ctors)
 SORT(*)(.dtors)
 *(.init0)
 .init0         0x00000060        0x0 c:/winavr/bin/../lib/gcc/avr/4.3.3/../../../../avr/lib/avr4/crtm48.o
                0x00000060                __init
 *(.init0)
 *(.init1)
 *(.init1)
 *(.init2)
 .init2         0x00000060        0xc c:/winavr/bin/../lib/gcc/avr/4.3.3/../../../../avr/lib/avr4/crtm48.o
 *(.init2)
 *(.init3)
 *(.init3)
 *(.init4)
 .init4         0x0000006c       0x10 c:/winavr/bin/../lib/gcc/avr/4.3.3/avr4\libgcc.a(_clear_bss.o)
                0x0000006c                __do_clear_bss
 *(.init4)
 *(.init5)
 *(.init5)
 *(.init6)
 *(.init6)
 *(.init7)
 *(.init7)
 *(.init8)
 *(.init8)
 *(.init9)
 .init9         0x0000007c        0x4 c:/winavr/bin/../lib/gcc/avr/4.3.3/../../../../avr/lib/avr4/crtm48.o
 *(.init9)
 *(.text)
 .text          0x00000080        0x2 c:/winavr/bin/../lib/gcc/avr/4.3.3/../../../../avr/lib/avr4/crtm48.o
                0x00000080                __vector_22
                0x00000080                __vector_1
                0x00000080                __vector_24
                0x00000080                __vector_12
                0x00000080                __bad_interrupt
                0x00000080                __vector_6
                0x00000080                __vector_3
                0x00000080                __vector_23
                0x00000080                __vector_25
                0x00000080                __vector_11
                0x00000080                __vector_17
                0x00000080                __vector_19
                0x00000080                __vector_7
                0x00000080                __vector_5
                0x00000080                __vector_4
                0x00000080                __vector_9
                0x00000080                __vector_2
                0x00000080                __vector_15
                0x00000080                __vector_8
                0x00000080                __vector_14
                0x00000080                __vector_10
                0x00000080                __vector_16
                0x00000080                __vector_18
                0x00000080                __vector_20
 .text          0x00000082      0x294 main.o
                0x00000090                switch_sensor
                0x000000dc                main
                0x00000082                delta
 .text          0x00000316       0x30 ini.o
                0x00000336                setup_io
                0x00000316                setup_timers
 .text          0x00000346      0x270 isr.o
                0x00000346                __vector_13
                0x00000368                __vector_21
 .text          0x000005b6      0x2c2 lcd_4b.o
                0x00000698                format
                0x00000606                ini_lcd_4_bit_mode
                0x00000696                lcd_contrast
                0x00000654                put_str
                0x00000626                lcd_ini_sequence
                0x000005b6                lcd_send_4b_mode
                0x000006ee                lcd_send_floatx10
                0x00000682                clr_line
                0x000005fc                cls
                0x0000064a                locate
 .text          0x00000878        0x0 c:/winavr/bin/../lib/gcc/avr/4.3.3/avr4\libgcc.a(_divmodsi4.o)
 .text          0x00000878        0x0 c:/winavr/bin/../lib/gcc/avr/4.3.3/avr4\libgcc.a(_exit.o)
 .text          0x00000878        0x0 c:/winavr/bin/../lib/gcc/avr/4.3.3/avr4\libgcc.a(_clear_bss.o)
 .text          0x00000878        0x0 c:/winavr/bin/../lib/gcc/avr/4.3.3/avr4\libgcc.a(_udivmodsi4.o)
 .text          0x00000878        0x0 c:/winavr/bin/../lib/gcc/avr/4.3.3/../../../../avr/lib/avr4\libc.a(ltoa.o)
 .text          0x00000878        0x0 c:/winavr/bin/../lib/gcc/avr/4.3.3/../../../../avr/lib/avr4\libc.a(strrev.o)
                0x00000878                . = ALIGN (0x2)
 *(.text.*)
 .text.libgcc   0x00000878       0x36 c:/winavr/bin/../lib/gcc/avr/4.3.3/avr4\libgcc.a(_divmodsi4.o)
                0x00000878                __divmodsi4
 .text.libgcc   0x000008ae        0x0 c:/winavr/bin/../lib/gcc/avr/4.3.3/avr4\libgcc.a(_exit.o)
 .text.libgcc   0x000008ae        0x0 c:/winavr/bin/../lib/gcc/avr/4.3.3/avr4\libgcc.a(_clear_bss.o)
 .text.libgcc   0x000008ae       0x44 c:/winavr/bin/../lib/gcc/avr/4.3.3/avr4\libgcc.a(_udivmodsi4.o)
                0x000008ae                __udivmodsi4
 .text.avr-libc
                0x000008f2       0x64 c:/winavr/bin/../lib/gcc/avr/4.3.3/../../../../avr/lib/avr4\libc.a(ltoa.o)
                0x000008f2                ltoa
 .text.avr-libc
                0x00000956       0x20 c:/winavr/bin/../lib/gcc/avr/4.3.3/../../../../avr/lib/avr4\libc.a(strrev.o)
                0x00000956                strrev
                0x00000976                . = ALIGN (0x2)
 *(.fini9)
 .fini9         0x00000976        0x0 c:/winavr/bin/../lib/gcc/avr/4.3.3/avr4\libgcc.a(_exit.o)
                0x00000976                exit
                0x00000976                _exit
 *(.fini9)
 *(.fini8)
 *(.fini8)
 *(.fini7)
 *(.fini7)
 *(.fini6)
 *(.fini6)
 *(.fini5)
 *(.fini5)
 *(.fini4)
 *(.fini4)
 *(.fini3)
 *(.fini3)
 *(.fini2)
 *(.fini2)
 *(.fini1)
 *(.fini1)
 *(.fini0)
 .fini0         0x00000976        0x4 c:/winavr/bin/../lib/gcc/avr/4.3.3/avr4\libgcc.a(_exit.o)
 *(.fini0)
                0x0000097a                _etext = .

.data           0x00800100        0x0 load address 0x0000097a
                0x00800100                PROVIDE (__data_start, .)
 *(.data)
 .data          0x00800100        0x0 c:/winavr/bin/../lib/gcc/avr/4.3.3/../../../../avr/lib/avr4/crtm48.o
 .data          0x00800100        0x0 main.o
 .data          0x00800100        0x0 ini.o
 .data          0x00800100        0x0 isr.o
 .data          0x00800100        0x0 lcd_4b.o
 .data          0x00800100        0x0 c:/winavr/bin/../lib/gcc/avr/4.3.3/avr4\libgcc.a(_divmodsi4.o)
 .data          0x00800100        0x0 c:/winavr/bin/../lib/gcc/avr/4.3.3/avr4\libgcc.a(_exit.o)
 .data          0x00800100        0x0 c:/winavr/bin/../lib/gcc/avr/4.3.3/avr4\libgcc.a(_clear_bss.o)
 .data          0x00800100        0x0 c:/winavr/bin/../lib/gcc/avr/4.3.3/avr4\libgcc.a(_udivmodsi4.o)
 .data          0x00800100        0x0 c:/winavr/bin/../lib/gcc/avr/4.3.3/../../../../avr/lib/avr4\libc.a(ltoa.o)
 .data          0x00800100        0x0 c:/winavr/bin/../lib/gcc/avr/4.3.3/../../../../avr/lib/avr4\libc.a(strrev.o)
 *(.data*)
 *(.rodata)
 *(.rodata*)
 *(.gnu.linkonce.d*)
                0x00800100                . = ALIGN (0x2)
                0x00800100                _edata = .
                0x00800100                PROVIDE (__data_end, .)

.bss            0x00800100       0x86
                0x00800100                PROVIDE (__bss_start, .)
 *(.bss)
 .bss           0x00800100        0x0 c:/winavr/bin/../lib/gcc/avr/4.3.3/../../../../avr/lib/avr4/crtm48.o
 .bss           0x00800100        0x0 main.o
 .bss           0x00800100        0x0 ini.o
 .bss           0x00800100        0x0 isr.o
 .bss           0x00800100        0x0 lcd_4b.o
 .bss           0x00800100        0x0 c:/winavr/bin/../lib/gcc/avr/4.3.3/avr4\libgcc.a(_divmodsi4.o)
 .bss           0x00800100        0x0 c:/winavr/bin/../lib/gcc/avr/4.3.3/avr4\libgcc.a(_exit.o)
 .bss           0x00800100        0x0 c:/winavr/bin/../lib/gcc/avr/4.3.3/avr4\libgcc.a(_clear_bss.o)
 .bss           0x00800100        0x0 c:/winavr/bin/../lib/gcc/avr/4.3.3/avr4\libgcc.a(_udivmodsi4.o)
 .bss           0x00800100        0x0 c:/winavr/bin/../lib/gcc/avr/4.3.3/../../../../avr/lib/avr4\libc.a(ltoa.o)
 .bss           0x00800100        0x0 c:/winavr/bin/../lib/gcc/avr/4.3.3/../../../../avr/lib/avr4\libc.a(strrev.o)
 *(.bss*)
 *(COMMON)
 COMMON         0x00800100       0x86 main.o
                0x00800100                t
                0x00800101                time_count
                0x00800105                measurement_zero
                0x00800106                rpm_x10
                0x0080010a                post_scaller
                0x0080010b                measurement_started
                0x0080010c                gl_set
                0x00800180                measurement_done
                0x00800181                t_postscale
                0x00800183                t_capture
                0x00800185                sensor_id
                0x00800186                PROVIDE (__bss_end, .)
                0x0000097a                __data_load_start = LOADADDR (.data)
                0x0000097a                __data_load_end = (__data_load_start + SIZEOF (.data))

.noinit         0x00800186        0x0
                0x00800186                PROVIDE (__noinit_start, .)
 *(.noinit*)
                0x00800186                PROVIDE (__noinit_end, .)
                0x00800186                _end = .
                0x00800186                PROVIDE (__heap_start, .)

.eeprom         0x00810000        0x0
 *(.eeprom*)
                0x00810000                __eeprom_end = .

.fuse
 *(.fuse)
 *(.lfuse)
 *(.hfuse)
 *(.efuse)

.lock
 *(.lock*)

.signature
 *(.signature*)

.stab
 *(.stab)

.stabstr
 *(.stabstr)

.stab.excl
 *(.stab.excl)

.stab.exclstr
 *(.stab.exclstr)

.stab.index
 *(.stab.index)

.stab.indexstr
 *(.stab.indexstr)

.comment
 *(.comment)

.debug
 *(.debug)

.line
 *(.line)

.debug_srcinfo
 *(.debug_srcinfo)

.debug_sfnames
 *(.debug_sfnames)

.debug_aranges  0x00000000       0x80
 *(.debug_aranges)
 .debug_aranges
                0x00000000       0x20 main.o
 .debug_aranges
                0x00000020       0x20 ini.o
 .debug_aranges
                0x00000040       0x20 isr.o
 .debug_aranges
                0x00000060       0x20 lcd_4b.o

.debug_pubnames
                0x00000000      0x416
 *(.debug_pubnames)
 .debug_pubnames
                0x00000000       0xf6 main.o
 .debug_pubnames
                0x000000f6       0xdb ini.o
 .debug_pubnames
                0x000001d1       0xdd isr.o
 .debug_pubnames
                0x000002ae      0x168 lcd_4b.o

.debug_info     0x00000000      0xdab
 *(.debug_info)
 .debug_info    0x00000000      0x2f6 main.o
 .debug_info    0x000002f6      0x22a ini.o
 .debug_info    0x00000520      0x22c isr.o
 .debug_info    0x0000074c      0x65f lcd_4b.o
 *(.gnu.linkonce.wi.*)

.debug_abbrev   0x00000000      0x43f
 *(.debug_abbrev)
 .debug_abbrev  0x00000000      0x134 main.o
 .debug_abbrev  0x00000134       0x98 ini.o
 .debug_abbrev  0x000001cc       0x9a isr.o
 .debug_abbrev  0x00000266      0x1d9 lcd_4b.o

.debug_line     0x00000000      0x8f6
 *(.debug_line)
 .debug_line    0x00000000      0x2cb main.o
 .debug_line    0x000002cb       0xd6 ini.o
 .debug_line    0x000003a1      0x170 isr.o
 .debug_line    0x00000511      0x3e5 lcd_4b.o

.debug_frame    0x00000000      0x150
 *(.debug_frame)
 .debug_frame   0x00000000       0x40 main.o
 .debug_frame   0x00000040       0x30 ini.o
 .debug_frame   0x00000070       0x30 isr.o
 .debug_frame   0x000000a0       0xb0 lcd_4b.o

.debug_str      0x00000000      0x322
 *(.debug_str)
 .debug_str     0x00000000      0x1cc main.o
                                0x205 (size before relaxing)
 .debug_str     0x000001cc       0x1f ini.o
                                0x1e3 (size before relaxing)
 .debug_str     0x000001eb       0x21 isr.o
                                0x1e5 (size before relaxing)
 .debug_str     0x0000020c      0x116 lcd_4b.o
                                0x2e6 (size before relaxing)

.debug_loc      0x00000000      0x448
 *(.debug_loc)
 .debug_loc     0x00000000       0x5a main.o
 .debug_loc     0x0000005a      0x3ee lcd_4b.o

.debug_macinfo
 *(.debug_macinfo)
OUTPUT(ikatach.elf elf32-avr)
LOAD linker stubs
